// Jest Snapshot v1, https://goo.gl/fbAQLP

exports[`FormInput renders correctly 1`] = `
<View
  collapsable={undefined}
  style={
    Object {
      "backgroundColor": "rgba(255,255,255,0.05)",
      "borderBottomColor": "#ADD8E6",
      "borderBottomWidth": 1,
      "marginBottom": 5,
      "marginLeft": 0,
      "marginRight": 0,
      "marginTop": 5,
      "transform": Array [
        Object {
          "translateX": 0,
        },
      ],
    }
  }
>
  <TextInput
    allowFontScaling={true}
    selectionColor="#86939e"
    style={
      Array [
        Object {
          "color": "#86939e",
          "minHeight": 36,
          "width": 750,
        },
        Object {
          "fontSize": 17.5,
        },
        Array [
          Object {
            "color": "#222222",
            "fontFamily": "HelveticaNeue",
            "fontSize": 17.5,
            "paddingHorizontal": 0,
            "paddingVertical": 0,
          },
          Array [],
        ],
      ]
    }
    value="John Smith"
  />
</View>
`;
